// Jest Snapshot v1, https://goo.gl/fbAQLP

exports[`ElectriCitibikeList renders children correctly 1`] = `
Array [
  "15",
  " available as of ",
  "07:50:57 PM",
  <details
    style={
      Object {
        "margin": "1rem 0",
      }
    }
  >
    <summary>
      1
       @ 
      <a
        href="https://www.google.com/maps?hl=en&q=40.7361967,-74.00859207"
        rel="noopener noreferrer"
        target="_blank"
      >
        Bank St & Washington St
        , 
        Manhattan
      </a>
      <br />
      (
      1.6 mi
       
      N
       from you, about
       
      33
       blocks)
    </summary>
    <ul />
  </details>,
  <details
    style={
      Object {
        "margin": "1rem 0",
      }
    }
  >
    <summary>
      1
       @ 
      <a
        href="https://www.google.com/maps?hl=en&q=40.689888,-73.981013"
        rel="noopener noreferrer"
        target="_blank"
      >
        DeKalb Ave & Hudson Ave
        , 
        Brooklyn
      </a>
      <br />
      (
      2.1 mi
       
      SE
       from you, about
       
      42
       blocks)
    </summary>
    <ul>
      <li>
        #70027
         has 
        3
        /4 charge
      </li>
    </ul>
  </details>,
  <details
    style={
      Object {
        "margin": "1rem 0",
      }
    }
  >
    <summary>
      1
       @ 
      <a
        href="https://www.google.com/maps?hl=en&q=40.69580705,-73.97355569"
        rel="noopener noreferrer"
        target="_blank"
      >
        Carlton Ave & Park Ave
        , 
        Brooklyn
      </a>
      <br />
      (
      2.1 mi
       
      SE
       from you, about
       
      42
       blocks)
    </summary>
    <ul>
      <li>
        #70021
         has 
        3
        /4 charge
      </li>
    </ul>
  </details>,
  <details
    style={
      Object {
        "margin": "1rem 0",
      }
    }
  >
    <summary>
      1
       @ 
      <a
        href="https://www.google.com/maps?hl=en&q=40.69573398,-73.97129668"
        rel="noopener noreferrer"
        target="_blank"
      >
        Clermont Ave & Park Ave
        , 
        Brooklyn
      </a>
      <br />
      (
      2.2 mi
       
      ESE
       from you, about
       
      44
       blocks)
    </summary>
    <ul>
      <li>
        #65015
         has 
        3
        /4 charge
      </li>
    </ul>
  </details>,
  <details
    style={
      Object {
        "margin": "1rem 0",
      }
    }
  >
    <summary>
      1
       @ 
      <a
        href="https://www.google.com/maps?hl=en&q=40.7505853470215,-73.9946848154068"
        rel="noopener noreferrer"
        target="_blank"
      >
        8 Ave & W 31 St
        , 
        Manhattan
      </a>
      <br />
      (
      2.7 mi
       
      NNE
       from you, about
       
      54
       blocks)
    </summary>
    <ul>
      <li>
        #70081
         has 
        4
        /4 charge
      </li>
    </ul>
  </details>,
  <details
    style={
      Object {
        "margin": "1rem 0",
      }
    }
  >
    <summary>
      1
       @ 
      <a
        href="https://www.google.com/maps?hl=en&q=40.72708584,-73.95299117"
        rel="noopener noreferrer"
        target="_blank"
      >
        Meserole Ave & Manhattan Ave
        , 
        Brooklyn
      </a>
      <br />
      (
      2.9 mi
       
      ENE
       from you, about
       
      60
       blocks)
    </summary>
    <ul>
      <li>
        #51037
         has 
        1
        /4 charge
      </li>
    </ul>
  </details>,
  <details
    style={
      Object {
        "margin": "1rem 0",
      }
    }
  >
    <summary>
      1
       @ 
      <a
        href="https://www.google.com/maps?hl=en&q=40.71915571696044,-73.94885390996933"
        rel="noopener noreferrer"
        target="_blank"
      >
        Bayard St & Leonard St
        , 
        Brooklyn
      </a>
      <br />
      (
      3 mi
       
      E
       from you, about
       
      61
       blocks)
    </summary>
    <ul>
      <li>
        #70084
         has 
        3
        /4 charge
      </li>
    </ul>
  </details>,
  <details
    style={
      Object {
        "margin": "1rem 0",
      }
    }
  >
    <summary>
      1
       @ 
      <a
        href="https://www.google.com/maps?hl=en&q=40.69622937,-73.94371094"
        rel="noopener noreferrer"
        target="_blank"
      >
        Throop Ave & Myrtle Ave
        , 
        Brooklyn
      </a>
      <br />
      (
      3.5 mi
       
      ESE
       from you, about
       
      70
       blocks)
    </summary>
    <ul>
      <li>
        #70127
         has 
        3
        /4 charge
      </li>
    </ul>
  </details>,
  <details
    style={
      Object {
        "margin": "1rem 0",
      }
    }
  >
    <summary>
      1
       @ 
      <a
        href="https://www.google.com/maps?hl=en&q=40.663779,-73.98396846"
        rel="noopener noreferrer"
        target="_blank"
      >
        14 St & 7 Ave
        , 
        Brooklyn
      </a>
      <br />
      (
      3.6 mi
       
      SSE
       from you, about
       
      72
       blocks)
    </summary>
    <ul />
  </details>,
  <details
    style={
      Object {
        "margin": "1rem 0",
      }
    }
  >
    <summary>
      1
       @ 
      <a
        href="https://www.google.com/maps?hl=en&q=40.76915505,-73.98191841"
        rel="noopener noreferrer"
        target="_blank"
      >
        Broadway & W 60 St
        , 
        Manhattan
      </a>
      <br />
      (
      4.1 mi
       
      NNE
       from you, about
       
      83
       blocks)
    </summary>
    <ul>
      <li>
        #65004
         has 
        1
        /4 charge
      </li>
    </ul>
  </details>,
  <details
    style={
      Object {
        "margin": "1rem 0",
      }
    }
  >
    <summary>
      1
       @ 
      <a
        href="https://www.google.com/maps?hl=en&q=40.7689738,-73.95482273"
        rel="noopener noreferrer"
        target="_blank"
      >
        E 74 St & 1 Ave
        , 
        Manhattan
      </a>
      <br />
      (
      4.7 mi
       
      NE
       from you, about
       
      95
       blocks)
    </summary>
    <ul>
      <li>
        #70071
         has 
        3
        /4 charge
      </li>
    </ul>
  </details>,
  <details
    style={
      Object {
        "margin": "1rem 0",
      }
    }
  >
    <summary>
      1
       @ 
      <a
        href="https://www.google.com/maps?hl=en&q=40.78057799010334,-73.98562431335449"
        rel="noopener noreferrer"
        target="_blank"
      >
        Riverside Dr & W 72 St
        , 
        Manhattan
      </a>
      <br />
      (
      4.8 mi
       
      NNE
       from you, about
       
      97
       blocks)
    </summary>
    <ul />
  </details>,
  <details
    style={
      Object {
        "margin": "1rem 0",
      }
    }
  >
    <summary>
      1
       @ 
      <a
        href="https://www.google.com/maps?hl=en&q=40.78499979,-73.97283406"
        rel="noopener noreferrer"
        target="_blank"
      >
        W 84 St & Columbus Ave
        , 
        Manhattan
      </a>
      <br />
      (
      5.3 mi
       
      NNE
       from you, about
       
      107
       blocks)
    </summary>
    <ul>
      <li>
        #70208
         has 
        1
        /4 charge
      </li>
    </ul>
  </details>,
  <details
    style={
      Object {
        "margin": "1rem 0",
      }
    }
  >
    <summary>
      1
       @ 
      <a
        href="https://www.google.com/maps?hl=en&q=40.79025417330419,-73.97718340158461"
        rel="noopener noreferrer"
        target="_blank"
      >
        W 88 St & West End Ave
        , 
        Manhattan
      </a>
      <br />
      (
      5.6 mi
       
      NNE
       from you, about
       
      112
       blocks)
    </summary>
    <ul>
      <li>
        #65020
         has 
        1
        /4 charge
      </li>
    </ul>
  </details>,
  <details
    style={
      Object {
        "margin": "1rem 0",
      }
    }
  >
    <summary>
      1
       @ 
      <a
        href="https://www.google.com/maps?hl=en&q=40.7937704,-73.971888"
        rel="noopener noreferrer"
        target="_blank"
      >
        W 95 St & Broadway
        , 
        Manhattan
      </a>
      <br />
      (
      5.9 mi
       
      NNE
       from you, about
       
      119
       blocks)
    </summary>
    <ul>
      <li>
        #51012
         has 
        1
        /4 charge
      </li>
    </ul>
  </details>,
]
`;
