// Jest Snapshot v1, https://goo.gl/fbAQLP

exports[`Home renders children correctly 1`] = `
<div
  aria-disabled={false}
  className="root"
  onClick={[Function]}
  onDragEnter={[Function]}
  onDragLeave={[Function]}
  onDragOver={[Function]}
  onDragStart={[Function]}
  onDrop={[Function]}
  style={
    {
      "bottom": 0,
      "left": 0,
      "overflowY": "scroll",
      "position": "fixed",
      "right": 0,
      "top": 0,
    }
  }
>
  <div
    className="container"
  >
    <main>
      <h1>
        <a
          href="https://reportedly.weebly.com/"
          style={
            {
              "textDecoration": "underline",
            }
          }
        >
          Reported
        </a>
      </h1>
      <div
        className="Toastify"
      />
      <details
        onToggle={[Function]}
        open={true}
      >
        <summary>
          Create/Edit User (click to expand)
        </summary>
        <form
          onSubmit={[Function]}
        >
          <fieldset
            disabled={false}
          >
            <label
              htmlFor="email"
            >
              Email:
               
              <input
                autoComplete="email"
                name="email"
                onChange={[Function]}
                onInvalid={[Function]}
                required={true}
                type="email"
                value=""
              />
            </label>
            <label
              htmlFor="password"
            >
              Password (this is saved on your device, so use a password you don't use anywhere else): 
              <div
                style={
                  {
                    "display": "flex",
                  }
                }
              >
                <input
                  autoComplete="current-password"
                  name="password"
                  onChange={[Function]}
                  onInvalid={[Function]}
                  required={true}
                  type="password"
                  value=""
                />
                 
                <button
                  onClick={[Function]}
                  type="button"
                >
                  Show
                </button>
                 
                <button
                  onClick={[Function]}
                  type="button"
                >
                  Reset
                </button>
              </div>
            </label>
            <button
              disabled={false}
              onClick={[Function]}
              type="button"
            >
              Sign Up / Log In
            </button>
            <br />
            <br />
            (If you cannot log in even after resetting your password, email
             
            <a
              href="mailto:reportedapp@gmail.com"
            >
              reportedapp@gmail.com
            </a>
            )
            <label
              htmlFor="FirstName"
            >
              First Name:
               
              <input
                autoComplete="given-name"
                name="FirstName"
                onChange={[Function]}
                onInvalid={[Function]}
                required={true}
                type="text"
                value=""
              />
            </label>
            <label
              htmlFor="LastName"
            >
              Last Name:
               
              <input
                autoComplete="family-name"
                name="LastName"
                onChange={[Function]}
                onInvalid={[Function]}
                required={true}
                type="text"
                value=""
              />
            </label>
            <label
              htmlFor="Phone"
            >
              Phone Number:
               
              <input
                autoComplete="tel"
                name="Phone"
                onChange={[Function]}
                onInvalid={[Function]}
                required={true}
                type="tel"
                value=""
              />
            </label>
            <label
              htmlFor="testify"
            >
              <input
                checked={false}
                name="testify"
                onChange={[Function]}
                type="checkbox"
              />
               
              I'm willing to testify at a hearing, which can be done by phone.
            </label>
            <button
              disabled={false}
              type="submit"
            >
              Save
            </button>
          </fieldset>
        </form>
      </details>
      <form
        onSubmit={[Function]}
        style={
          {
            "display": "none",
          }
        }
      >
        <fieldset
          disabled={false}
        >
          <div
            className="_react-file-reader-input"
            onClick={[Function]}
            style={
              {
                "float": "left",
                "margin": "1px",
              }
            }
          >
            <input
              multiple={true}
              onChange={[Function]}
              onClick={[Function]}
              style={
                {
                  "position": "absolute",
                  "top": "-9999px",
                }
              }
              type="file"
            />
            <button
              type="button"
            >
              Add pictures/videos
            </button>
          </div>
          <div
            style={
              {
                "clear": "both",
                "display": "flex",
                "flexWrap": "wrap",
              }
            }
          />
          <label
            htmlFor="isAlprEnabled"
          >
            <input
              checked={true}
              name="isAlprEnabled"
              onChange={[Function]}
              type="checkbox"
            />
             
            Automatically read license plates from pictures/videos
          </label>
          <label
            htmlFor="isReverseGeocodingEnabled"
          >
            <input
              checked={true}
              name="isReverseGeocodingEnabled"
              onChange={[Function]}
              type="checkbox"
            />
             
            Automatically read addresses from pictures/videos
          </label>
          <label
            htmlFor="plate"
          >
            License/Medallion:
            <input
              autoComplete="off"
              list="plateSuggestion"
              name="plate"
              onChange={[Function]}
              placeholder=""
              required={true}
              type="search"
              value=""
            />
            <datalist
              id="plateSuggestion"
            >
              
            </datalist>
            <input
              autoComplete="off"
              list="stateSuggestion"
              name="licenseState"
              onChange={[Function]}
              required={true}
              style={
                {
                  "marginTop": "0.5rem",
                }
              }
              type="search"
              value="NY"
            />
            <datalist
              id="stateSuggestion"
            >
              <option
                value="AL"
              >
                Alabama
                 (
                AL
                )
              </option>
              <option
                value="AK"
              >
                Alaska
                 (
                AK
                )
              </option>
              <option
                value="AZ"
              >
                Arizona
                 (
                AZ
                )
              </option>
              <option
                value="AR"
              >
                Arkansas
                 (
                AR
                )
              </option>
              <option
                value="CA"
              >
                California
                 (
                CA
                )
              </option>
              <option
                value="CO"
              >
                Colorado
                 (
                CO
                )
              </option>
              <option
                value="CT"
              >
                Connecticut
                 (
                CT
                )
              </option>
              <option
                value="DE"
              >
                Delaware
                 (
                DE
                )
              </option>
              <option
                value="DC"
              >
                District of Columbia
                 (
                DC
                )
              </option>
              <option
                value="FL"
              >
                Florida
                 (
                FL
                )
              </option>
              <option
                value="GA"
              >
                Georgia
                 (
                GA
                )
              </option>
              <option
                value="HI"
              >
                Hawaii
                 (
                HI
                )
              </option>
              <option
                value="ID"
              >
                Idaho
                 (
                ID
                )
              </option>
              <option
                value="IL"
              >
                Illinois
                 (
                IL
                )
              </option>
              <option
                value="IN"
              >
                Indiana
                 (
                IN
                )
              </option>
              <option
                value="IA"
              >
                Iowa
                 (
                IA
                )
              </option>
              <option
                value="KS"
              >
                Kansas
                 (
                KS
                )
              </option>
              <option
                value="KY"
              >
                Kentucky
                 (
                KY
                )
              </option>
              <option
                value="LA"
              >
                Louisiana
                 (
                LA
                )
              </option>
              <option
                value="ME"
              >
                Maine
                 (
                ME
                )
              </option>
              <option
                value="MD"
              >
                Maryland
                 (
                MD
                )
              </option>
              <option
                value="MA"
              >
                Massachusetts
                 (
                MA
                )
              </option>
              <option
                value="MI"
              >
                Michigan
                 (
                MI
                )
              </option>
              <option
                value="MN"
              >
                Minnesota
                 (
                MN
                )
              </option>
              <option
                value="MS"
              >
                Mississippi
                 (
                MS
                )
              </option>
              <option
                value="MO"
              >
                Missouri
                 (
                MO
                )
              </option>
              <option
                value="MT"
              >
                Montana
                 (
                MT
                )
              </option>
              <option
                value="NE"
              >
                Nebraska
                 (
                NE
                )
              </option>
              <option
                value="NV"
              >
                Nevada
                 (
                NV
                )
              </option>
              <option
                value="NH"
              >
                New Hampshire
                 (
                NH
                )
              </option>
              <option
                value="NJ"
              >
                New Jersey
                 (
                NJ
                )
              </option>
              <option
                value="NM"
              >
                New Mexico
                 (
                NM
                )
              </option>
              <option
                value="NY"
              >
                New York
                 (
                NY
                )
              </option>
              <option
                value="NC"
              >
                North Carolina
                 (
                NC
                )
              </option>
              <option
                value="ND"
              >
                North Dakota
                 (
                ND
                )
              </option>
              <option
                value="OH"
              >
                Ohio
                 (
                OH
                )
              </option>
              <option
                value="OK"
              >
                Oklahoma
                 (
                OK
                )
              </option>
              <option
                value="OR"
              >
                Oregon
                 (
                OR
                )
              </option>
              <option
                value="PA"
              >
                Pennsylvania
                 (
                PA
                )
              </option>
              <option
                value="RI"
              >
                Rhode Island
                 (
                RI
                )
              </option>
              <option
                value="SC"
              >
                South Carolina
                 (
                SC
                )
              </option>
              <option
                value="SD"
              >
                South Dakota
                 (
                SD
                )
              </option>
              <option
                value="TN"
              >
                Tennessee
                 (
                TN
                )
              </option>
              <option
                value="TX"
              >
                Texas
                 (
                TX
                )
              </option>
              <option
                value="UT"
              >
                Utah
                 (
                UT
                )
              </option>
              <option
                value="VT"
              >
                Vermont
                 (
                VT
                )
              </option>
              <option
                value="VA"
              >
                Virginia
                 (
                VA
                )
              </option>
              <option
                value="WA"
              >
                Washington
                 (
                WA
                )
              </option>
              <option
                value="WV"
              >
                West Virginia
                 (
                WV
                )
              </option>
              <option
                value="WI"
              >
                Wisconsin
                 (
                WI
                )
              </option>
              <option
                value="WY"
              >
                Wyoming
                 (
                WY
                )
              </option>
            </datalist>
            <br />
          </label>
          <label
            htmlFor="typeofcomplaint"
          >
            Type:
             
            <select
              name="typeofcomplaint"
              onChange={[Function]}
              value="Blocked the bike lane"
            >
              <option
                value="Blocked the bike lane"
              >
                Blocked the bike lane
              </option>
              <option
                value="Blocked the crosswalk"
              >
                Blocked the crosswalk
              </option>
              <option
                value="Honked horn (no emergency)"
              >
                Honked horn (no emergency)
              </option>
              <option
                value="Failed to yield to pedestrian"
              >
                Failed to yield to pedestrian
              </option>
              <option
                value="Drove aggressively"
              >
                Drove aggressively
              </option>
              <option
                value="Was on a cell phone while driving"
              >
                Was on a cell phone while driving
              </option>
              <option
                value="Refused to pick me up"
              >
                Refused to pick me up
              </option>
              <option
                value="Was courteous, kind or polite"
              >
                Was courteous, kind or polite
              </option>
              <option
                value="Went above and beyond to help"
              >
                Went above and beyond to help
              </option>
            </select>
          </label>
          <label
            htmlFor="where"
          >
            Where: 
            
            <br />
            <button
              name="where"
              onClick={[Function]}
              style={
                {
                  "width": "100%",
                }
              }
              type="button"
            >
              
            </button>
          </label>
          <label
            htmlFor="CreateDate"
          >
            When:
             
            <input
              name="CreateDate"
              onChange={[Function]}
              required={true}
              type="datetime-local"
              value="2016-11-17T19:00"
            />
          </label>
          <label
            htmlFor="reportDescription"
          >
            Description:
             
            <textarea
              autoComplete="off"
              name="reportDescription"
              onChange={[Function]}
              value=""
            />
          </label>
          <label
            htmlFor="can_be_shared_publicly"
          >
            <input
              checked={false}
              name="can_be_shared_publicly"
              onChange={[Function]}
              type="checkbox"
            />
             
            Allow the photos/videos, description, category, and location to be publicly displayed
          </label>
          <button
            disabled={false}
            style={
              {
                "width": "100%",
              }
            }
            type="submit"
          >
            Submit
          </button>
        </fieldset>
      </form>
      <br />
      <details
        onToggle={[Function]}
      >
        <summary>
          Previous Submissions (
          click to load
          )
        </summary>
        Loading submissions...
      </details>
      <div
        style={
          {
            "float": "right",
          }
        }
      >
        <a
          href="/electricitibikes"
          style={
            {
              "background": "black",
              "border": "1em solid black",
              "borderRadius": "2em",
              "textDecoration": "none",
            }
          }
        >
          <span
            aria-label="high voltage"
            role="img"
          >
            ⚡
          </span>
        </a>
      </div>
    </main>
  </div>
  <input
    autoComplete="off"
    disabled={false}
    multiple={true}
    onChange={[Function]}
    style={
      {
        "bottom": 0,
        "left": 0,
        "opacity": 0.00001,
        "pointerEvents": "none",
        "position": "absolute",
        "right": 0,
        "top": 0,
      }
    }
    type="file"
  />
</div>
`;
