// Jest Snapshot v1, https://goo.gl/fbAQLP

exports[`readLicenseViaALPR falling back to the second token 1`] = `
{
  "box": {
    "xmax": 1842,
    "xmin": 1638,
    "ymax": 2112,
    "ymin": 2009,
  },
  "candidates": [
    {
      "plate": "t736394c",
      "score": 0.9,
    },
  ],
  "dscore": 0.729,
  "plate": "t736394c",
  "region": {
    "code": "us-ny",
    "score": 0.859,
  },
  "score": 0.9,
  "vehicle": {
    "box": {
      "xmax": 2441,
      "xmin": 1260,
      "ymax": 2236,
      "ymin": 1176,
    },
    "score": 0.89,
    "type": "Sedan",
  },
}
`;

exports[`readLicenseViaALPR using only the first token 1`] = `
{
  "box": {
    "xmax": 1842,
    "xmin": 1638,
    "ymax": 2112,
    "ymin": 2009,
  },
  "candidates": [
    {
      "plate": "t736394c",
      "score": 0.9,
    },
  ],
  "dscore": 0.729,
  "plate": "t736394c",
  "region": {
    "code": "us-ny",
    "score": 0.859,
  },
  "score": 0.9,
  "vehicle": {
    "box": {
      "xmax": 2441,
      "xmin": 1260,
      "ymax": 2236,
      "ymin": 1176,
    },
    "score": 0.89,
    "type": "Sedan",
  },
}
`;
