// Jest Snapshot v1, https://goo.gl/fbAQLP

exports[`readLicenseViaALPR falling back to the second token 1`] = `
{
  "box": {
    "xmax": 1844,
    "xmin": 1642,
    "ymax": 2116,
    "ymin": 2012,
  },
  "candidates": [
    {
      "plate": "t736394c",
      "score": 1,
    },
  ],
  "dscore": 0.856,
  "plate": "t736394c",
  "region": {
    "code": "us-ny",
    "score": 0.883,
  },
  "score": 1,
  "vehicle": {
    "box": {
      "xmax": 2460,
      "xmin": 1230,
      "ymax": 2268,
      "ymin": 1184,
    },
    "score": 0.448,
    "type": "SUV",
  },
}
`;

exports[`readLicenseViaALPR using only the first token 1`] = `
{
  "box": {
    "xmax": 1844,
    "xmin": 1642,
    "ymax": 2116,
    "ymin": 2012,
  },
  "candidates": [
    {
      "plate": "t736394c",
      "score": 1,
    },
  ],
  "dscore": 0.856,
  "plate": "t736394c",
  "region": {
    "code": "us-ny",
    "score": 0.883,
  },
  "score": 1,
  "vehicle": {
    "box": {
      "xmax": 2460,
      "xmin": 1230,
      "ymax": 2268,
      "ymin": 1184,
    },
    "score": 0.448,
    "type": "SUV",
  },
}
`;
