// Jest Snapshot v1, https://goo.gl/fbAQLP

exports[`processValidation returns the right object 1`] = `
Object {
  "cb_data": Object {
    "address": "49-51 Chambers Street, Room 715
New York, NY 10007",
    "borough": "Manhattan",
    "email": "man01@cb.nyc.gov",
    "fax": "212-442-5055",
    "id": 101,
    "neighborhoods": "Tribeca, Seaport/Civic Center, Financial District, Battery Park City",
    "number": 1,
    "phone": "212-442-5050",
    "twitter": "CommunityBoard1",
    "website": "http://www.nyc.gov/html/mancb1/html/home/home.shtml",
  },
  "geoclient_response": Object {
    "address": Object {
      "assemblyDistrict": "66",
      "bbl": "1001237501",
      "bblBoroughCode": "1",
      "bblTaxBlock": "00123",
      "bblTaxLot": "7501",
      "boardOfElectionsPreferredLgc": "1",
      "boePreferredStreetName": "BROADWAY",
      "boePreferredstreetCode": "11361001",
      "boroughCode1In": "1",
      "buildingIdentificationNumber": "1087167",
      "businessImprovementDistrict": "113140",
      "censusBlock2000": "1008",
      "censusBlock2010": "1008",
      "censusTract1990": "  21  ",
      "censusTract2000": "  21  ",
      "censusTract2010": "  21  ",
      "cityCouncilDistrict": "01",
      "civilCourtDistrict": "01",
      "coincidentSegmentCount": "1",
      "communityDistrict": "101",
      "communityDistrictBoroughCode": "1",
      "communityDistrictNumber": "01",
      "communitySchoolDistrict": "02",
      "condominiumBillingBbl": "1001237501",
      "condominiumFlag": "C",
      "congressionalDistrict": "10",
      "continuousParityIndicator1a": "L",
      "continuousParityIndicator1e": "L",
      "cooperativeIdNumber": "0000",
      "crossStreetNamesFlagIn": "E",
      "dcpPreferredLgc": "01",
      "dofCondominiumIdentificationNumber": "1514",
      "dotStreetLightContractorArea": "1",
      "dynamicBlock": "109",
      "electionDistrict": "004",
      "fireBattalion": "01",
      "fireCompanyNumber": "010",
      "fireCompanyType": "L",
      "fireDivision": "01",
      "firstBoroughName": "MANHATTAN",
      "firstStreetCode": "11361001010",
      "firstStreetNameNormalized": "BROADWAY",
      "fromLionNodeId": "0015354",
      "fromPreferredLgcsFirstSetOf5": "0101",
      "genericId": "0000386",
      "geosupportFunctionCode": "1B",
      "geosupportReturnCode": "00",
      "geosupportReturnCode2": "00",
      "gi5DigitStreetCode1": "13610",
      "gi5DigitStreetCode2": "27880",
      "gi5DigitStreetCode3": "12520",
      "giBoroughCode1": "1",
      "giBoroughCode2": "1",
      "giBoroughCode3": "1",
      "giBuildingIdentificationNumber1": "1087167",
      "giBuildingIdentificationNumber2": "1087167",
      "giBuildingIdentificationNumber3": "1087167",
      "giDcpPreferredLgc1": "01",
      "giDcpPreferredLgc2": "01",
      "giDcpPreferredLgc3": "01",
      "giHighHouseNumber1": "237",
      "giHighHouseNumber2": "20",
      "giHighHouseNumber3": "19",
      "giLowHouseNumber1": "229",
      "giLowHouseNumber2": "2",
      "giLowHouseNumber3": "1",
      "giSideOfStreetIndicator1": "L",
      "giSideOfStreetIndicator2": "L",
      "giSideOfStreetIndicator3": "R",
      "giStreetCode1": "11361001",
      "giStreetCode2": "12788001",
      "giStreetCode3": "11252001",
      "giStreetName1": "BROADWAY",
      "giStreetName2": "PARK PLACE",
      "giStreetName3": "BARCLAY STREET",
      "healthArea": "7700",
      "healthCenterDistrict": "15",
      "highBblOfThisBuildingsCondominiumUnits": "1001231013",
      "highCrossStreetB5SC1": "127880",
      "highCrossStreetCode1": "12788001",
      "highCrossStreetName1": "PARK PLACE",
      "highHouseNumberOfBlockfaceSortFormat": "000238000AA",
      "houseNumber": "230",
      "houseNumberIn": "230",
      "houseNumberSortFormat": "000230000AA",
      "hurricaneEvacuationZone": "5",
      "instructionalRegion": "MS",
      "interimAssistanceEligibilityIndicator": "I",
      "internalLabelXCoordinate": "0981941",
      "internalLabelYCoordinate": "0198844",
      "latitude": 40.7121526074704,
      "latitudeInternalLabel": 40.7124572517608,
      "legacySegmentId": "0023364",
      "lionBoroughCode": "1",
      "lionBoroughCodeForVanityAddress": "1",
      "lionFaceCode": "0755",
      "lionFaceCodeForVanityAddress": "0755",
      "lionKey": "1075501170",
      "lionKeyForVanityAddress": "1075501170",
      "lionSequenceNumber": "01170",
      "lionSequenceNumberForVanityAddress": "01170",
      "listOf4Lgcs": "0107",
      "longitude": -74.00798614053389,
      "longitudeInternalLabel": -74.0083288540082,
      "lowBblOfThisBuildingsCondominiumUnits": "1001231001",
      "lowCrossStreetB5SC1": "112520",
      "lowCrossStreetB5SC2": "127890",
      "lowCrossStreetCode1": "11252001",
      "lowCrossStreetCode2": "12789001",
      "lowCrossStreetName1": "BARCLAY STREET",
      "lowCrossStreetName2": "PARK ROW",
      "lowHouseNumberOfBlockfaceSortFormat": "000228000AA",
      "lowHouseNumberOfDefiningAddressRange": "000230000AA",
      "nta": "MN24",
      "ntaName": "SoHo-TriBeCa-Civic Center-Little Italy",
      "numberOfCrossStreetB5SCsHighAddressEnd": "1",
      "numberOfCrossStreetB5SCsLowAddressEnd": "2",
      "numberOfCrossStreetsHighAddressEnd": "1",
      "numberOfCrossStreetsLowAddressEnd": "2",
      "numberOfEntriesInListOfGeographicIdentifiers": "0003",
      "numberOfExistingStructuresOnLot": "0001",
      "numberOfStreetFrontagesOfLot": "03",
      "physicalId": "0000499",
      "policePatrolBoroughCommand": "1",
      "policePrecinct": "001",
      "returnCode1a": "00",
      "returnCode1e": "00",
      "roadwayType": "1",
      "rpadBuildingClassificationCode": "RB",
      "rpadSelfCheckCodeForBbl": "0",
      "sanbornBoroughCode": "1",
      "sanbornPageNumber": "019",
      "sanbornVolumeNumber": "1S",
      "sanitationCollectionSchedulingSectionAndSubsection": "1A",
      "sanitationDistrict": "101",
      "sanitationRecyclingCollectionSchedule": "EF",
      "sanitationRegularCollectionSchedule": "MWF",
      "sanitationSnowPriorityCode": "C",
      "segmentAzimuth": "058",
      "segmentIdentifier": "0023364",
      "segmentLengthInFeet": "00230",
      "segmentOrientation": "N",
      "segmentTypeCode": "U",
      "selfCheckCodeOfBillingBbl": "0",
      "sideOfStreetIndicator": "L",
      "sideOfStreetOfVanityAddress": "L",
      "splitLowHouseNumber": "000228000AA",
      "stateSenatorialDistrict": "26",
      "streetName1In": "BROADWAY",
      "streetStatus": "2",
      "streetWidth": "52",
      "taxMapNumberSectionAndVolume": "10104",
      "toLionNodeId": "0015357",
      "toPreferredLgcsFirstSetOf5": "01",
      "trafficDirection": "A",
      "underlyingStreetCode": "11361001",
      "uspsPreferredCityName": "NEW YORK",
      "workAreaFormatIndicatorIn": "C",
      "xCoordinate": "0982036",
      "xCoordinateHighAddressEnd": "0982125",
      "xCoordinateLowAddressEnd": "0982004",
      "xCoordinateOfCenterofCurvature": "0000000",
      "yCoordinate": "0198733",
      "yCoordinateHighAddressEnd": "0198871",
      "yCoordinateLowAddressEnd": "0198675",
      "yCoordinateOfCenterofCurvature": "0000000",
      "zipCode": "10279",
    },
  },
  "google_response": Object {
    "results": Array [
      Object {
        "address_components": Array [
          Object {
            "long_name": "230",
            "short_name": "230",
            "types": Array [
              "street_number",
            ],
          },
          Object {
            "long_name": "Broadway",
            "short_name": "Broadway",
            "types": Array [
              "route",
            ],
          },
          Object {
            "long_name": "Civic Center",
            "short_name": "Civic Center",
            "types": Array [
              "neighborhood",
              "political",
            ],
          },
          Object {
            "long_name": "Manhattan",
            "short_name": "Manhattan",
            "types": Array [
              "political",
              "sublocality",
              "sublocality_level_1",
            ],
          },
          Object {
            "long_name": "New York",
            "short_name": "New York",
            "types": Array [
              "locality",
              "political",
            ],
          },
          Object {
            "long_name": "New York County",
            "short_name": "New York County",
            "types": Array [
              "administrative_area_level_2",
              "political",
            ],
          },
          Object {
            "long_name": "New York",
            "short_name": "NY",
            "types": Array [
              "administrative_area_level_1",
              "political",
            ],
          },
          Object {
            "long_name": "United States",
            "short_name": "US",
            "types": Array [
              "country",
              "political",
            ],
          },
          Object {
            "long_name": "10007",
            "short_name": "10007",
            "types": Array [
              "postal_code",
            ],
          },
        ],
        "formatted_address": "230 Broadway, New York, NY 10007, USA",
        "geometry": Object {
          "location": Object {
            "lat": 40.7127421,
            "lng": -74.00596890000001,
          },
          "location_type": "ROOFTOP",
          "viewport": Object {
            "northeast": Object {
              "lat": 40.7140910802915,
              "lng": -74.00461991970852,
            },
            "southwest": Object {
              "lat": 40.7113931197085,
              "lng": -74.00731788029152,
            },
          },
        },
        "place_id": "ChIJVzXOjBhawokRSp5VqCM4F9Q",
        "types": Array [
          "street_address",
        ],
      },
    ],
    "status": "OK",
  },
  "lat": 40.7128,
  "long": -74.006,
  "valid": true,
}
`;

exports[`validateLocation returns the right object 1`] = `
Object {
  "cb_data": Object {
    "address": "49-51 Chambers Street, Room 715
New York, NY 10007",
    "borough": "Manhattan",
    "email": "man01@cb.nyc.gov",
    "fax": "212-442-5055",
    "id": 101,
    "neighborhoods": "Tribeca, Seaport/Civic Center, Financial District, Battery Park City",
    "number": 1,
    "phone": "212-442-5050",
    "twitter": "CommunityBoard1",
    "website": "http://www.nyc.gov/html/mancb1/html/home/home.shtml",
  },
  "geoclient_response": Object {
    "address": Object {
      "assemblyDistrict": "66",
      "bbl": "1001237501",
      "bblBoroughCode": "1",
      "bblTaxBlock": "00123",
      "bblTaxLot": "7501",
      "boardOfElectionsPreferredLgc": "1",
      "boePreferredStreetName": "BROADWAY",
      "boePreferredstreetCode": "11361001",
      "boroughCode1In": "1",
      "buildingIdentificationNumber": "1087167",
      "businessImprovementDistrict": "113140",
      "censusBlock2000": "1008",
      "censusBlock2010": "1008",
      "censusTract1990": "  21  ",
      "censusTract2000": "  21  ",
      "censusTract2010": "  21  ",
      "cityCouncilDistrict": "01",
      "civilCourtDistrict": "01",
      "coincidentSegmentCount": "1",
      "communityDistrict": "101",
      "communityDistrictBoroughCode": "1",
      "communityDistrictNumber": "01",
      "communitySchoolDistrict": "02",
      "condominiumBillingBbl": "1001237501",
      "condominiumFlag": "C",
      "congressionalDistrict": "10",
      "continuousParityIndicator1a": "L",
      "continuousParityIndicator1e": "L",
      "cooperativeIdNumber": "0000",
      "crossStreetNamesFlagIn": "E",
      "dcpPreferredLgc": "01",
      "dofCondominiumIdentificationNumber": "1514",
      "dotStreetLightContractorArea": "1",
      "dynamicBlock": "109",
      "electionDistrict": "004",
      "fireBattalion": "01",
      "fireCompanyNumber": "010",
      "fireCompanyType": "L",
      "fireDivision": "01",
      "firstBoroughName": "MANHATTAN",
      "firstStreetCode": "11361001010",
      "firstStreetNameNormalized": "BROADWAY",
      "fromLionNodeId": "0015354",
      "fromPreferredLgcsFirstSetOf5": "0101",
      "genericId": "0000386",
      "geosupportFunctionCode": "1B",
      "geosupportReturnCode": "00",
      "geosupportReturnCode2": "00",
      "gi5DigitStreetCode1": "13610",
      "gi5DigitStreetCode2": "27880",
      "gi5DigitStreetCode3": "12520",
      "giBoroughCode1": "1",
      "giBoroughCode2": "1",
      "giBoroughCode3": "1",
      "giBuildingIdentificationNumber1": "1087167",
      "giBuildingIdentificationNumber2": "1087167",
      "giBuildingIdentificationNumber3": "1087167",
      "giDcpPreferredLgc1": "01",
      "giDcpPreferredLgc2": "01",
      "giDcpPreferredLgc3": "01",
      "giHighHouseNumber1": "237",
      "giHighHouseNumber2": "20",
      "giHighHouseNumber3": "19",
      "giLowHouseNumber1": "229",
      "giLowHouseNumber2": "2",
      "giLowHouseNumber3": "1",
      "giSideOfStreetIndicator1": "L",
      "giSideOfStreetIndicator2": "L",
      "giSideOfStreetIndicator3": "R",
      "giStreetCode1": "11361001",
      "giStreetCode2": "12788001",
      "giStreetCode3": "11252001",
      "giStreetName1": "BROADWAY",
      "giStreetName2": "PARK PLACE",
      "giStreetName3": "BARCLAY STREET",
      "healthArea": "7700",
      "healthCenterDistrict": "15",
      "highBblOfThisBuildingsCondominiumUnits": "1001231013",
      "highCrossStreetB5SC1": "127880",
      "highCrossStreetCode1": "12788001",
      "highCrossStreetName1": "PARK PLACE",
      "highHouseNumberOfBlockfaceSortFormat": "000238000AA",
      "houseNumber": "230",
      "houseNumberIn": "230",
      "houseNumberSortFormat": "000230000AA",
      "hurricaneEvacuationZone": "5",
      "instructionalRegion": "MS",
      "interimAssistanceEligibilityIndicator": "I",
      "internalLabelXCoordinate": "0981941",
      "internalLabelYCoordinate": "0198844",
      "latitude": 40.7121526074704,
      "latitudeInternalLabel": 40.7124572517608,
      "legacySegmentId": "0023364",
      "lionBoroughCode": "1",
      "lionBoroughCodeForVanityAddress": "1",
      "lionFaceCode": "0755",
      "lionFaceCodeForVanityAddress": "0755",
      "lionKey": "1075501170",
      "lionKeyForVanityAddress": "1075501170",
      "lionSequenceNumber": "01170",
      "lionSequenceNumberForVanityAddress": "01170",
      "listOf4Lgcs": "0107",
      "longitude": -74.00798614053389,
      "longitudeInternalLabel": -74.0083288540082,
      "lowBblOfThisBuildingsCondominiumUnits": "1001231001",
      "lowCrossStreetB5SC1": "112520",
      "lowCrossStreetB5SC2": "127890",
      "lowCrossStreetCode1": "11252001",
      "lowCrossStreetCode2": "12789001",
      "lowCrossStreetName1": "BARCLAY STREET",
      "lowCrossStreetName2": "PARK ROW",
      "lowHouseNumberOfBlockfaceSortFormat": "000228000AA",
      "lowHouseNumberOfDefiningAddressRange": "000230000AA",
      "nta": "MN24",
      "ntaName": "SoHo-TriBeCa-Civic Center-Little Italy",
      "numberOfCrossStreetB5SCsHighAddressEnd": "1",
      "numberOfCrossStreetB5SCsLowAddressEnd": "2",
      "numberOfCrossStreetsHighAddressEnd": "1",
      "numberOfCrossStreetsLowAddressEnd": "2",
      "numberOfEntriesInListOfGeographicIdentifiers": "0003",
      "numberOfExistingStructuresOnLot": "0001",
      "numberOfStreetFrontagesOfLot": "03",
      "physicalId": "0000499",
      "policePatrolBoroughCommand": "1",
      "policePrecinct": "001",
      "returnCode1a": "00",
      "returnCode1e": "00",
      "roadwayType": "1",
      "rpadBuildingClassificationCode": "RB",
      "rpadSelfCheckCodeForBbl": "0",
      "sanbornBoroughCode": "1",
      "sanbornPageNumber": "019",
      "sanbornVolumeNumber": "1S",
      "sanitationCollectionSchedulingSectionAndSubsection": "1A",
      "sanitationDistrict": "101",
      "sanitationRecyclingCollectionSchedule": "EF",
      "sanitationRegularCollectionSchedule": "MWF",
      "sanitationSnowPriorityCode": "C",
      "segmentAzimuth": "058",
      "segmentIdentifier": "0023364",
      "segmentLengthInFeet": "00230",
      "segmentOrientation": "N",
      "segmentTypeCode": "U",
      "selfCheckCodeOfBillingBbl": "0",
      "sideOfStreetIndicator": "L",
      "sideOfStreetOfVanityAddress": "L",
      "splitLowHouseNumber": "000228000AA",
      "stateSenatorialDistrict": "26",
      "streetName1In": "BROADWAY",
      "streetStatus": "2",
      "streetWidth": "52",
      "taxMapNumberSectionAndVolume": "10104",
      "toLionNodeId": "0015357",
      "toPreferredLgcsFirstSetOf5": "01",
      "trafficDirection": "A",
      "underlyingStreetCode": "11361001",
      "uspsPreferredCityName": "NEW YORK",
      "workAreaFormatIndicatorIn": "C",
      "xCoordinate": "0982036",
      "xCoordinateHighAddressEnd": "0982125",
      "xCoordinateLowAddressEnd": "0982004",
      "xCoordinateOfCenterofCurvature": "0000000",
      "yCoordinate": "0198733",
      "yCoordinateHighAddressEnd": "0198871",
      "yCoordinateLowAddressEnd": "0198675",
      "yCoordinateOfCenterofCurvature": "0000000",
      "zipCode": "10279",
    },
  },
  "google_response": Object {
    "results": Array [
      Object {
        "address_components": Array [
          Object {
            "long_name": "230",
            "short_name": "230",
            "types": Array [
              "street_number",
            ],
          },
          Object {
            "long_name": "Broadway",
            "short_name": "Broadway",
            "types": Array [
              "route",
            ],
          },
          Object {
            "long_name": "Civic Center",
            "short_name": "Civic Center",
            "types": Array [
              "neighborhood",
              "political",
            ],
          },
          Object {
            "long_name": "Manhattan",
            "short_name": "Manhattan",
            "types": Array [
              "political",
              "sublocality",
              "sublocality_level_1",
            ],
          },
          Object {
            "long_name": "New York",
            "short_name": "New York",
            "types": Array [
              "locality",
              "political",
            ],
          },
          Object {
            "long_name": "New York County",
            "short_name": "New York County",
            "types": Array [
              "administrative_area_level_2",
              "political",
            ],
          },
          Object {
            "long_name": "New York",
            "short_name": "NY",
            "types": Array [
              "administrative_area_level_1",
              "political",
            ],
          },
          Object {
            "long_name": "United States",
            "short_name": "US",
            "types": Array [
              "country",
              "political",
            ],
          },
          Object {
            "long_name": "10007",
            "short_name": "10007",
            "types": Array [
              "postal_code",
            ],
          },
        ],
        "formatted_address": "230 Broadway, New York, NY 10007, USA",
        "geometry": Object {
          "location": Object {
            "lat": 40.7127421,
            "lng": -74.00596890000001,
          },
          "location_type": "ROOFTOP",
          "viewport": Object {
            "northeast": Object {
              "lat": 40.7140910802915,
              "lng": -74.00461991970852,
            },
            "southwest": Object {
              "lat": 40.7113931197085,
              "lng": -74.00731788029152,
            },
          },
        },
        "place_id": "ChIJVzXOjBhawokRSp5VqCM4F9Q",
        "types": Array [
          "street_address",
        ],
      },
    ],
    "status": "OK",
  },
  "lat": 40.7128,
  "long": -74.006,
  "valid": true,
}
`;
