// Jest Snapshot v1, https://jestjs.io/docs/snapshot-testing

exports[`getVehicleType returns the right object 1`] = `
{
  "result": {
    "licensePlate": "T144594C",
    "licenseState": "NY",
    "vehicleBody": "Minivan",
    "vehicleMake": "TOYOTA",
    "vehicleModel": "Sienna",
    "vehicleYear": "2020",
  },
}
`;
