// Jest Snapshot v1, https://goo.gl/fbAQLP

exports[`getVehicleType returns the right object 1`] = `
Object {
  "result": Object {
    "licensePlate": "T716540C",
    "licenseState": "NY",
    "vehicleBody": undefined,
    "vehicleMake": "LINCOLN",
    "vehicleModel": "TOWN CAR SIGNATURE LIMITED",
    "vehicleYear": "2009",
  },
}
`;
