// Jest Snapshot v1, https://goo.gl/fbAQLP

exports[`getVehicleType returns the right object 1`] = `
Object {
  "result": Object {
    "licensePlate": "HUK9845",
    "licenseState": "NY",
    "vehicleBody": "Sport Utility Vehicle (SUV)/Multi-Purpose Vehicle (MPV)",
    "vehicleMake": "Dodge",
    "vehicleModel": "Durango",
    "vehicleYear": "2018",
  },
}
`;
