// Jest Snapshot v1, https://goo.gl/fbAQLP

exports[`srlookup returns the right object 1`] = `
Object {
  "Additional Details": "Unsafe Driving",
  "Date Closed": "2019-09-16T16:02:00Z",
  "Date Reported": "2019-07-03T14:43:28Z",
  "Problem": "For Hire Vehicle Complaint",
  "Problem Details": "Driver Complaint - Non Passenger",
  "SR Address": "",
  "SR Number": "311-00039062",
  "SR Status": "Closed",
  "Time To Next Update": " N/A ",
  "Updated On": "2019-09-16T16:02:22Z",
  "description": "A hearing was scheduled at the OATH/Taxi and Limousine Tribunal.",
}
`;
