// Jest Snapshot v1, https://jestjs.io/docs/snapshot-testing

exports[`srlookup returns the right object 1`] = `
{
  "Additional Details": "Unsafe Driving",
  "Date Closed": "9/16/2019, 12:02:00 PM",
  "Date Reported": "7/3/2019, 10:43:28 AM",
  "Problem": "For Hire Vehicle Complaint",
  "Problem Details": "Driver Complaint - Non Passenger",
  "SR Address": "",
  "SR Number": "311-00039062",
  "Time To Next Update": " N/A ",
  "Updated On": "9/16/2019, 12:02:22 PM",
  "description": "A hearing was scheduled at the OATH/Taxi and Limousine Tribunal.",
}
`;
